#-----------------------------------------------------------
# Vivado v2020.2 (64-bit)
# SW Build 3064766 on Wed Nov 18 09:12:45 MST 2020
# IP Build 3064653 on Wed Nov 18 14:17:31 MST 2020
# Start of session at: Tue Oct 19 16:05:14 2021
# Process ID: 2216
# Current directory: Z:/F - ECE 4612/SingleCycleProcessor
# Command line: vivado.exe -gui_launcher_event rodinguilauncherevent3224 Z:\F - ECE 4612\SingleCycleProcessor\SingleCycleProcessor.xpr
# Log file: Z:/F - ECE 4612/SingleCycleProcessor/vivado.log
# Journal file: Z:/F - ECE 4612/SingleCycleProcessor\vivado.jou
#-----------------------------------------------------------
start_gui
open_project {Z:/F - ECE 4612/SingleCycleProcessor/SingleCycleProcessor.xpr}
update_compile_order -fileset sources_1
close [ open {Z:/F - ECE 4612/SingleCycleProcessor/SingleCycleProcessor.srcs/sources_1/new/Mux2to1.v} w ]
add_files {{Z:/F - ECE 4612/SingleCycleProcessor/SingleCycleProcessor.srcs/sources_1/new/Mux2to1.v}}
update_compile_order -fileset sources_1
set_property SOURCE_SET sources_1 [get_filesets sim_1]
close [ open {Z:/F - ECE 4612/SingleCycleProcessor/SingleCycleProcessor.srcs/sim_1/new/Mux2to1_tb.v} w ]
add_files -fileset sim_1 {{Z:/F - ECE 4612/SingleCycleProcessor/SingleCycleProcessor.srcs/sim_1/new/Mux2to1_tb.v}}
update_compile_order -fileset sim_1
# Disabling source management mode.  This is to allow the top design properties to be set without GUI intervention.
set_property source_mgmt_mode None [current_project]
set_property top Mux2to1_tb [get_filesets sim_1]
set_property top_lib xil_defaultlib [get_filesets sim_1]
# Re-enabling previously disabled source management mode.
set_property source_mgmt_mode All [current_project]
update_compile_order -fileset sim_1
launch_simulation
source Mux2to1_tb.tcl
close_sim
synth_design -rtl -rtl_skip_mlo -name rtl_1
close_design
# Disabling source management mode.  This is to allow the top design properties to be set without GUI intervention.
set_property source_mgmt_mode None [current_project]
set_property top Mux2to1 [current_fileset]
# Re-enabling previously disabled source management mode.
set_property source_mgmt_mode All [current_project]
update_compile_order -fileset sources_1
synth_design -rtl -rtl_skip_mlo -name rtl_1
